
Allocating common symbols
Common symbol       size              file

bss_var             0x3               main.o

Memory Configuration

Name             Origin             Length             Attributes
flash            0x08000000         0x00020000         xr
sram             0x08000000         0x00005000         xrw
*default*        0x00000000         0xffffffff

Linker script and memory map


.text           0x08000000      0x12b
 *(.vectors*)
 .vectors       0x08000000       0x1c startup.o
                0x08000000                vectors
 *(.text*)
 .text          0x0800001c       0x7c main.o
                0x0800001c                main
 .text          0x08000098       0x90 startup.o
                0x08000098                Bus_fault
                0x08000098                H_Fault_Handler
                0x08000098                MM_fault_Handler
                0x08000098                default_handler
                0x08000098                Usage_fault
                0x08000098                NMI_Handler
                0x080000a4                Reset_Handler
 *(.rodata*)
 .rodata        0x08000128        0x3 main.o
                0x08000128                const_variables
                0x0800012b                _E_text = .

.glue_7         0x0800012c        0x0
 .glue_7        0x00000000        0x0 linker stubs

.glue_7t        0x0800012c        0x0
 .glue_7t       0x00000000        0x0 linker stubs

.vfp11_veneer   0x0800012c        0x0
 .vfp11_veneer  0x00000000        0x0 linker stubs

.v4_bx          0x0800012c        0x0
 .v4_bx         0x00000000        0x0 linker stubs

.iplt           0x0800012c        0x0
 .iplt          0x00000000        0x0 main.o

.rel.dyn        0x0800012c        0x0
 .rel.iplt      0x00000000        0x0 main.o

.data           0x08000000        0x8 load address 0x0800012c
                0x08000000                _S_DATA = .
 *(.data)
 .data          0x08000000        0x7 main.o
                0x08000000                R_ODR
                0x08000004                g_variables
 .data          0x08000007        0x0 startup.o
                0x08000008                . = ALIGN (0x4)
 *fill*         0x08000007        0x1 
                0x08000008                _E_DATA = .

.igot.plt       0x08000008        0x0 load address 0x08000134
 .igot.plt      0x00000000        0x0 main.o

.bss            0x08000008     0x1003 load address 0x08000134
                0x08000008                _S_bss = .
 *(.bss)
 .bss           0x08000008        0x0 main.o
 .bss           0x08000008        0x0 startup.o
                0x08000008                _E_bss = .
                0x08000008                . = ALIGN (0x4)
                0x08001008                . = (. + 0x1000)
 *fill*         0x08000008     0x1000 
                0x08001008                _stack_top = .
 COMMON         0x08001008        0x3 main.o
                0x08001008                bss_var
LOAD main.o
LOAD startup.o
OUTPUT(learn-in-depth_cortex_m3.elf elf32-littlearm)

.debug_info     0x00000000      0x300
 .debug_info    0x00000000      0x195 main.o
 .debug_info    0x00000195      0x16b startup.o

.debug_abbrev   0x00000000      0x1ac
 .debug_abbrev  0x00000000       0xec main.o
 .debug_abbrev  0x000000ec       0xc0 startup.o

.debug_loc      0x00000000       0xb4
 .debug_loc     0x00000000       0x38 main.o
 .debug_loc     0x00000038       0x7c startup.o

.debug_aranges  0x00000000       0x40
 .debug_aranges
                0x00000000       0x20 main.o
 .debug_aranges
                0x00000020       0x20 startup.o

.debug_line     0x00000000      0x2c5
 .debug_line    0x00000000       0xd1 main.o
 .debug_line    0x000000d1      0x1f4 startup.o

.debug_str      0x00000000      0x259
 .debug_str     0x00000000      0x187 main.o
                                0x1c4 (size before relaxing)
 .debug_str     0x00000187       0xd2 startup.o
                                0x1d5 (size before relaxing)

.comment        0x00000000       0x7b
 .comment       0x00000000       0x7b main.o
                                 0x7c (size before relaxing)
 .comment       0x00000000       0x7c startup.o

.ARM.attributes
                0x00000000       0x33
 .ARM.attributes
                0x00000000       0x33 main.o
 .ARM.attributes
                0x00000033       0x33 startup.o

.debug_frame    0x00000000       0x7c
 .debug_frame   0x00000000       0x2c main.o
 .debug_frame   0x0000002c       0x50 startup.o
